
> ipqc-automation-frontend@1.0.0 build
> react-scripts build

Creating an optimized production build...
Compiled with warnings.

Module not found: Error: Can't resolve 'docx' in 'C:\Users\hp\Desktop\PDI\pdi_complete\frontend\src\components'

Module not found: Error: Can't resolve 'file-saver' in 'C:\Users\hp\Desktop\PDI\pdi_complete\frontend\src\components'

Module not found: Error: Can't resolve 'pdf-lib' in 'C:\Users\hp\Desktop\PDI\pdi_complete\frontend\src\components'

Module not found: Error: Can't resolve 'jszip' in 'C:\Users\hp\Desktop\PDI\pdi_complete\frontend\src\components'

[eslint] 
src\App.js
  Line 334:6:  React Hook useEffect has a missing dependency: 'getDefaultSection'. Either include it or remove the dependency array  react-hooks/exhaustive-deps

src\components\AIAssistant.js
  Line 15:10:   'checkResults' is assigned a value but never used                                                                                                               no-unused-vars
  Line 46:6:    React Hook useEffect has missing dependencies: 'checkApiConfig', 'checkSchedulerStatus', and 'loadFTRData'. Either include them or remove the dependency array  react-hooks/exhaustive-deps
  Line 383:17:  'summary' is assigned a value but never used                                                                                                                    no-unused-vars
  Line 628:9:   'handleCompanyChange' is assigned a value but never used                                                                                                        no-unused-vars
  Line 686:17:  'total_modules' is assigned a value but never used                                                                                                              no-unused-vars
  Line 686:32:  'total_pallets' is assigned a value but never used                                                                                                              no-unused-vars

src\components\BulkFTRGenerator.js
  Line 608:13:  'downloadSuccess' is assigned a value but never used   no-unused-vars
  Line 631:9:   'downloadAllAsZip' is assigned a value but never used  no-unused-vars

src\components\COCDashboard.js
  Line 4:10:  'getApiUrl' is defined but never used  no-unused-vars

src\components\COCSelectionModal.js
  Line 3:10:  'MATERIAL_REQUIREMENTS' is defined but never used                                                                      no-unused-vars
  Line 29:6:  React Hook useEffect has a missing dependency: 'fetchAvailableCOCs'. Either include it or remove the dependency array  react-hooks/exhaustive-deps

src\components\DailyReport.js
  Line 1:1:  Unexpected Unicode BOM (Byte Order Mark)  unicode-bom

src\components\FTRManagement.js
  Line 153:31:  'rejectedCount' is assigned a value but never used  no-unused-vars
  Line 154:20:  'okCount' is assigned a value but never used        no-unused-vars
  Line 588:17:  'notFoundCount' is assigned a value but never used  no-unused-vars

Search for the keywords to learn more about each warning.
To ignore, add // eslint-disable-next-line to the line before.

File sizes after gzip:

  903.54 kB  build\static\js\main.335f92a6.js
  43.27 kB   build\static\js\455.e011ebe3.chunk.js
  32.44 kB   build\static\css\main.0ea61716.css
  8.7 kB     build\static\js\337.ec1fbf1d.chunk.js

The bundle size is significantly larger than recommended.
Consider reducing it with code splitting: https://goo.gl/9VhYWB
You can also analyze the project dependencies: https://goo.gl/LeUzfb

The project was built assuming it is hosted at /.
You can control this with the homepage field in your package.json.

The build folder is ready to be deployed.
You may serve it with a static server:

  serve -s build

Find out more about deployment here:

  https://cra.link/deployment

